 smf2mml

 Timestamp is 49a684d2 (Thu Feb 26 21:02:26 2009)

 Preferred load address is 00400000

 Start         Length     Name                   Class
 0001:00000000 00001afeH .text                   CODE
 0002:00000000 000000ccH .idata$5                DATA
 0002:000000cc 00000004H .CRT$XCA                DATA
 0002:000000d0 00000004H .CRT$XCAA               DATA
 0002:000000d4 00000004H .CRT$XCZ                DATA
 0002:000000d8 00000004H .CRT$XIA                DATA
 0002:000000dc 00000004H .CRT$XIAA               DATA
 0002:000000e0 00000004H .CRT$XIY                DATA
 0002:000000e4 00000004H .CRT$XIZ                DATA
 0002:000000f0 00000587H .rdata                  DATA
 0002:00000678 00000004H .rtc$IAA                DATA
 0002:0000067c 00000004H .rtc$IZZ                DATA
 0002:00000680 00000004H .rtc$TAA                DATA
 0002:00000684 00000004H .rtc$TZZ                DATA
 0002:00000688 0000005cH .xdata$x                DATA
 0002:000006e4 00000028H .idata$2                DATA
 0002:0000070c 00000014H .idata$3                DATA
 0002:00000720 000000ccH .idata$4                DATA
 0002:000007ec 00000324H .idata$6                DATA
 0002:00000b10 00000000H .edata                  DATA
 0003:00000000 00000018H .data                   DATA
 0003:00000018 00000374H .bss                    DATA

  Address         Publics by Value              Rva+Base       Lib:Object

 0000:00000000       ___safe_se_handler_count   00000000     <absolute>
 0000:00000000       ___safe_se_handler_table   00000000     <absolute>
 0000:00000000       ___ImageBase               00400000     <linker-defined>
 0001:00000000       ?option@@YAXHQAPADPAUOPSW@@@Z 00401000 f   smf2mml.obj
 0001:00000140       _main                      00401140 f   smf2mml.obj
 0001:000002c0       ?not_smf@@YAXPAD0@Z        004012c0 f   uncompile.obj
 0001:00000320       ?DecodeVariable@@YAIPAUOPSW@@@Z 00401320 f   uncompile.obj
 0001:00000370       ?OutputHex@@YAXPAUOPSW@@H@Z 00401370 f   uncompile.obj
 0001:000003e0       ?OutputStrings@@YAXPAUOPSW@@H@Z 004013e0 f   uncompile.obj
 0001:00000440       ?OutputTicks@@YAXPAUOPSW@@PAUunMMLinfo@@@Z 00401440 f   uncompile.obj
 0001:00000540       ?OutputNote@@YAXPAUOPSW@@PAUunMMLinfo@@@Z 00401540 f   uncompile.obj
 0001:000005b0       ?DecodeControlChange@@YAXPAUOPSW@@PAUunMMLinfo@@EE@Z 004015b0 f   uncompile.obj
 0001:00000790       ?DecodeChannelVoiceMessage@@YAXPAUOPSW@@PAUunMMLinfo@@EEE@Z 00401790 f   uncompile.obj
 0001:000008a0       ?DecodeMetaEvent@@YAXPAUOPSW@@PAUunMMLinfo@@EH@Z 004018a0 f   uncompile.obj
 0001:00000d20       ?uncompile_initTR@@YAXPAUOPSW@@PAUunMMLinfo@@@Z 00401d20 f   uncompile.obj
 0001:00000df0       ?Decode1Command@@YAXPAUOPSW@@PAUunMMLinfo@@@Z 00401df0 f   uncompile.obj
 0001:00001020       ?uncompile_Header@@YAXPAUOPSW@@PAUunMMLinfo@@@Z 00402020 f   uncompile.obj
 0001:000011b0       ?uncompile@@YAXPAUOPSW@@@Z 004021b0 f   uncompile.obj
 0001:000012a0       _endian_b2l_W              004022a0 f   smf2mml_sub.obj
 0001:000012b4       _endian_b2l_D              004022b4 f   smf2mml_sub.obj
 0001:000012d9       _print_help                004022d9 f   smf2mml_sub.obj
 0001:000012f3       @__security_check_cookie@4 004022f3 f   MSVCRT:secchk.obj
 0001:00001302       _printf                    00402302 f   MSVCRT:MSVCR90.dll
 0001:00001308       _exit                      00402308 f   MSVCRT:MSVCR90.dll
 0001:000015b0       _mainCRTStartup            004025b0 f   MSVCRT:crtexe.obj
 0001:000015ba       ___report_gsfailure        004025ba f   MSVCRT:gs_report.obj
 0001:000016c0       ?__CxxUnhandledExceptionFilter@@YGJPAU_EXCEPTION_POINTERS@@@Z 004026c0 f   MSVCRT:unhandld.obj
 0001:00001702       ___CxxSetUnhandledExceptionFilter 00402702 f   MSVCRT:unhandld.obj
 0001:00001710       __amsg_exit                00402710 f   MSVCRT:MSVCR90.dll
 0001:00001716       __onexit                   00402716 f   MSVCRT:atonexit.obj
 0001:000017bb       _atexit                    004027bb f   MSVCRT:atonexit.obj
 0001:000017d2       __RTC_Initialize           004027d2 f   MSVCRT:_initsect_.obj
 0001:000017f8       __RTC_Terminate            004027f8 f   MSVCRT:_initsect_.obj
 0001:0000181e       __XcptFilter               0040281e f   MSVCRT:MSVCR90.dll
 0001:00001830       __ValidateImageBase        00402830 f   MSVCRT:pesect.obj
 0001:00001870       __FindPESection            00402870 f   MSVCRT:pesect.obj
 0001:000018c0       __IsNonwritableInCurrentImage 004028c0 f   MSVCRT:pesect.obj
 0001:0000197e       __initterm                 0040297e f   MSVCRT:MSVCR90.dll
 0001:00001984       __initterm_e               00402984 f   MSVCRT:MSVCR90.dll
 0001:0000198c       __SEH_prolog4              0040298c f   MSVCRT:sehprolg4.obj
 0001:000019d1       __SEH_epilog4              004029d1 f   MSVCRT:sehprolg4.obj
 0001:000019e5       __except_handler4          004029e5 f   MSVCRT:chandler4gs.obj
 0001:00001a0a       __setdefaultprecision      00402a0a f   MSVCRT:fp8.obj
 0001:00001a35       __setargv                  00402a35 f   MSVCRT:dllargv.obj
 0001:00001a35       __matherr                  00402a35 f   MSVCRT:merr.obj
 0001:00001a38       ___security_init_cookie    00402a38 f   MSVCRT:gs_support.obj
 0001:00001ace       __crt_debugger_hook        00402ace f   MSVCRT:MSVCR90.dll
 0001:00001ad4       ?terminate@@YAXXZ          00402ad4 f   MSVCRT:MSVCR90.dll
 0001:00001ada       __unlock                   00402ada f   MSVCRT:MSVCR90.dll
 0001:00001ae0       ___dllonexit               00402ae0 f   MSVCRT:MSVCR90.dll
 0001:00001ae6       __lock                     00402ae6 f   MSVCRT:MSVCR90.dll
 0001:00001aec       __except_handler4_common   00402aec f   MSVCRT:MSVCR90.dll
 0001:00001af2       __invoke_watson            00402af2 f   MSVCRT:MSVCR90.dll
 0001:00001af8       __controlfp_s              00402af8 f   MSVCRT:MSVCR90.dll
 0002:00000000       __imp__GetCurrentProcessId@0 00403000     kernel32:KERNEL32.dll
 0002:00000004       __imp__GetCurrentThreadId@0 00403004     kernel32:KERNEL32.dll
 0002:00000008       __imp__GetTickCount@0      00403008     kernel32:KERNEL32.dll
 0002:0000000c       __imp__QueryPerformanceCounter@4 0040300c     kernel32:KERNEL32.dll
 0002:00000010       __imp__IsDebuggerPresent@0 00403010     kernel32:KERNEL32.dll
 0002:00000014       __imp__SetUnhandledExceptionFilter@4 00403014     kernel32:KERNEL32.dll
 0002:00000018       __imp__UnhandledExceptionFilter@4 00403018     kernel32:KERNEL32.dll
 0002:0000001c       __imp__GetCurrentProcess@0 0040301c     kernel32:KERNEL32.dll
 0002:00000020       __imp__TerminateProcess@8  00403020     kernel32:KERNEL32.dll
 0002:00000024       __imp__InterlockedCompareExchange@12 00403024     kernel32:KERNEL32.dll
 0002:00000028       __imp__Sleep@4             00403028     kernel32:KERNEL32.dll
 0002:0000002c       __imp__InterlockedExchange@8 0040302c     kernel32:KERNEL32.dll
 0002:00000030       __imp__GetSystemTimeAsFileTime@4 00403030     kernel32:KERNEL32.dll
 0002:00000034       \177KERNEL32_NULL_THUNK_DATA 00403034     kernel32:KERNEL32.dll
 0002:00000038       __imp___exit               00403038     MSVCRT:MSVCR90.dll
 0002:0000003c       __imp___XcptFilter         0040303c     MSVCRT:MSVCR90.dll
 0002:00000040       __imp____initenv           00403040     MSVCRT:MSVCR90.dll
 0002:00000044       __imp___initterm           00403044     MSVCRT:MSVCR90.dll
 0002:00000048       __imp___initterm_e         00403048     MSVCRT:MSVCR90.dll
 0002:0000004c       __imp___configthreadlocale 0040304c     MSVCRT:MSVCR90.dll
 0002:00000050       __imp____setusermatherr    00403050     MSVCRT:MSVCR90.dll
 0002:00000054       __imp___adjust_fdiv        00403054     MSVCRT:MSVCR90.dll
 0002:00000058       __imp____p__commode        00403058     MSVCRT:MSVCR90.dll
 0002:0000005c       __imp____p__fmode          0040305c     MSVCRT:MSVCR90.dll
 0002:00000060       __imp___encode_pointer     00403060     MSVCRT:MSVCR90.dll
 0002:00000064       __imp___cexit              00403064     MSVCRT:MSVCR90.dll
 0002:00000068       __imp___crt_debugger_hook  00403068     MSVCRT:MSVCR90.dll
 0002:0000006c       __imp_?terminate@@YAXXZ    0040306c     MSVCRT:MSVCR90.dll
 0002:00000070       __imp___unlock             00403070     MSVCRT:MSVCR90.dll
 0002:00000074       __imp____dllonexit         00403074     MSVCRT:MSVCR90.dll
 0002:00000078       __imp___lock               00403078     MSVCRT:MSVCR90.dll
 0002:0000007c       __imp___onexit             0040307c     MSVCRT:MSVCR90.dll
 0002:00000080       __imp___decode_pointer     00403080     MSVCRT:MSVCR90.dll
 0002:00000084       __imp___except_handler4_common 00403084     MSVCRT:MSVCR90.dll
 0002:00000088       __imp___invoke_watson      00403088     MSVCRT:MSVCR90.dll
 0002:0000008c       __imp___controlfp_s        0040308c     MSVCRT:MSVCR90.dll
 0002:00000090       __imp____getmainargs       00403090     MSVCRT:MSVCR90.dll
 0002:00000094       __imp___amsg_exit          00403094     MSVCRT:MSVCR90.dll
 0002:00000098       __imp__fputc               00403098     MSVCRT:MSVCR90.dll
 0002:0000009c       __imp__fread               0040309c     MSVCRT:MSVCR90.dll
 0002:000000a0       __imp__fclose              004030a0     MSVCRT:MSVCR90.dll
 0002:000000a4       __imp__fopen               004030a4     MSVCRT:MSVCR90.dll
 0002:000000a8       __imp____iob_func          004030a8     MSVCRT:MSVCR90.dll
 0002:000000ac       __imp__fprintf             004030ac     MSVCRT:MSVCR90.dll
 0002:000000b0       __imp__fseek               004030b0     MSVCRT:MSVCR90.dll
 0002:000000b4       __imp__ftell               004030b4     MSVCRT:MSVCR90.dll
 0002:000000b8       __imp__exit                004030b8     MSVCRT:MSVCR90.dll
 0002:000000bc       __imp__printf              004030bc     MSVCRT:MSVCR90.dll
 0002:000000c0       __imp____set_app_type      004030c0     MSVCRT:MSVCR90.dll
 0002:000000c4       __imp__perror              004030c4     MSVCRT:MSVCR90.dll
 0002:000000c8       \177MSVCR90_NULL_THUNK_DATA 004030c8     MSVCRT:MSVCR90.dll
 0002:000000cc       ___xc_a                    004030cc     MSVCRT:cinitexe.obj
 0002:000000d4       ___xc_z                    004030d4     MSVCRT:cinitexe.obj
 0002:000000d8       ___xi_a                    004030d8     MSVCRT:cinitexe.obj
 0002:000000e4       ___xi_z                    004030e4     MSVCRT:cinitexe.obj
 0002:00000138       ??_C@_0BI@CHEOOCN@?$IDI?$IDv?$IDV?$ID?$IH?$ID?$JD?$IC?$KK?$JFs?$JA?$LD?$IC?E?$IC?$LH?$IBB?6?$AA@ 00403138     smf2mml.obj
 0002:00000150       ??_C@_06NNOJKKP@SMF?5?$DN?5?$AA@ 00403150     smf2mml.obj
 0002:00000158       ??_C@_01EEMJAFIK@?6?$AA@   00403158     smf2mml.obj
 0002:0000015c       ??_C@_06HAIPGFJN@MML?5?$DN?5?$AA@ 0040315c     smf2mml.obj
 0002:00000164       ??_C@_02JDPG@rb?$AA@       00403164     smf2mml.obj
 0002:00000167       ??_C@_00CNPNBAHC@?$AA@     00403167     smf2mml.obj
 0002:00000168       ??_C@_08HEDBBGBA@size?$DN?$CFd?6?$AA@ 00403168     smf2mml.obj
 0002:00000174       ??_C@_01NOFIACDB@w?$AA@    00403174     smf2mml.obj
 0002:00000178       ??_C@_02LMMGGCAJ@?3?5?$AA@ 00403178     uncompile.obj
 0002:0000017c       ??_C@_0BE@KAEBEAOL@?$IDf?$IB?$FL?$ID?$FO?$IC?$KK?$JFs?$JA?$LD?$IC?E?$IC?$LH?$IBB?6?$AA@ 0040317c     uncompile.obj
 0002:00000190       ??_C@_03DMNEPLMH@x?$CFX?$AA@ 00403190     uncompile.obj
 0002:00000194       ??_C@_01IHBHIGKO@?0?$AA@   00403194     uncompile.obj
 0002:00000198       ??_C@_01CLKCMJKC@?5?$AA@   00403198     uncompile.obj
 0002:0000019c       ??_C@_02DPKJAMEF@?$CFd?$AA@ 0040319c     uncompile.obj
 0002:000001a0       ??_C@_01JKBOJNNK@?$FO?$AA@ 004031a0     uncompile.obj
 0002:000001a4       ??_C@_0BA@EOGGDBEG@?6Time?$CI1?31?30?$CJ?$DL?6?7?$AA@ 004031a4     uncompile.obj
 0002:000001b4       ??_C@_07LOKJMADA@CH?$CI?$CFd?$CJ?5?$AA@ 004031b4     uncompile.obj
 0002:000001bc       ??_C@_01KDCPPGHE@r?$AA@    004031bc     uncompile.obj
 0002:000001c0       ??_C@_06LDMNCKIO@M?$CI?$CFd?$CJ?5?$AA@ 004031c0     uncompile.obj
 0002:000001c8       ??_C@_07OMODAAEC@PT?$CI?$CFd?$CJ?5?$AA@ 004031c8     uncompile.obj
 0002:000001d0       ??_C@_0N@JNPEEGIL@DataMSB?$CI?$CFd?$CJ?5?$AA@ 004031d0     uncompile.obj
 0002:000001e0       ??_C@_06NGBEOCLK@V?$CI?$CFd?$CJ?5?$AA@ 004031e0     uncompile.obj
 0002:000001e8       ??_C@_06LFMENHIA@P?$CI?$CFd?$CJ?5?$AA@ 004031e8     uncompile.obj
 0002:000001f0       ??_C@_07CMPHBLBO@EP?$CI?$CFd?$CJ?5?$AA@ 004031f0     uncompile.obj
 0002:000001f8       ??_C@_07CJEEDOMM@PS?$CI?$CFd?$CJ?5?$AA@ 004031f8     uncompile.obj
 0002:00000200       ??_C@_0M@JOJECDNK@Reverb?$CI?$CFd?$CJ?5?$AA@ 00403200     uncompile.obj
 0002:0000020c       ??_C@_0M@BKMLNELH@Chorus?$CI?$CFd?$CJ?5?$AA@ 0040320c     uncompile.obj
 0002:00000218       ??_C@_08LNEBPHPG@VAR?$CI?$CFd?$CJ?5?$AA@ 00403218     uncompile.obj
 0002:00000224       ??_C@_07GOKFCLAN@y?$CFd?0?$CFd?5?$AA@ 00403224     uncompile.obj
 0002:0000022c       ??_C@_0BB@GPHHAEBF@NoteOff?$CI?$CFd?0?$CFd?$CJ?$DL?5?$AA@ 0040322c     uncompile.obj
 0002:00000240       ??_C@_0BA@DIEHAACH@NoteOn?$CI?$CFd?0?$CFd?$CJ?$DL?5?$AA@ 00403240     uncompile.obj
 0002:00000250       ??_C@_0BH@LGJLCDGG@DirectSMF?$CIx?$CFX?0?$CFd?0?$CFd?$CJ?$DL?5?$AA@ 00403250     uncompile.obj
 0002:00000268       ??_C@_0M@ODFGGEBC@Voice?$CI?$CFd?$CJ?$DL?5?$AA@ 00403268     uncompile.obj
 0002:00000274       ??_C@_0BE@FDBBLLEK@DirectSMF?$CIx?$CFX?0?$CFd?$CJ?$DL?5?$AA@ 00403274     uncompile.obj
 0002:00000288       ??_C@_0BA@FPBONJID@PitchBend?$CI?$CFd?$CJ?$DL?5?$AA@ 00403288     uncompile.obj
 0002:00000298       ??_C@_0BP@LFOLJFCK@?$JG?$LD?$IM?x?$IC?HChannel?5Voice?5Message?$IBB?6?$AA@ 00403298     uncompile.obj
 0002:000002b8       ??_C@_0N@PEOJEBFP@SysEx?5?$DN?5xF0?0?$AA@ 004032b8     uncompile.obj
 0002:000002c8       ??_C@_08LDIEBLGB@SysEx?5?$DN?5?$AA@ 004032c8     uncompile.obj
 0002:000002d4       ??_C@_0BH@OLLCJICJ@DirectSMF?$CIxFF?0x00?0x02?0?$AA@ 004032d4     uncompile.obj
 0002:000002ec       ??_C@_03LODLOOIE@?$CJ?$DL?5?$AA@ 004032ec     uncompile.obj
 0002:000002f0       ??_C@_0BI@JAFDBOGK@?$JG?$LD?$IM?x?$IC?H?$IDV?$IB?$FL?$IDP?$ID?$JD?$IDX?$JE?T?$IN?$IG?$IBB?6?$AA@ 004032f0     uncompile.obj
 0002:00000308       ??_C@_0L@ENEAPOEF@MetaText?$DN?$HL?$AA@ 00403308     uncompile.obj
 0002:00000314       ??_C@_04MDOAGNKD@?$HN?$DL?6?7?$AA@ 00403314     uncompile.obj
 0002:0000031c       ??_C@_0M@OCHPLDPI@Copyright?$DN?$HL?$AA@ 0040331c     uncompile.obj
 0002:00000328       ??_C@_0M@JBONGNPL@TrackName?$DN?$HL?$AA@ 00403328     uncompile.obj
 0002:00000334       ??_C@_0BB@NLALEGFI@InstrumentName?$DN?$HL?$AA@ 00403334     uncompile.obj
 0002:00000348       ??_C@_07IGDMFFCJ@Lyric?$DN?$HL?$AA@ 00403348     uncompile.obj
 0002:00000350       ??_C@_03PKFEHGHB@?$HN?$DL?5?$AA@ 00403350     uncompile.obj
 0002:00000354       ??_C@_08EDDCNHGL@Marker?$DN?$HL?$AA@ 00403354     uncompile.obj
 0002:00000360       ??_C@_0L@PIECACIL@CuePoint?$DN?$HL?$AA@ 00403360     uncompile.obj
 0002:0000036c       ??_C@_0BE@OIKJGGGH@ChannelPrefix?$CI?$CFd?$CJ?$DL?5?$AA@ 0040336c     uncompile.obj
 0002:00000380       ??_C@_0CC@NDMLPPKE@?$JG?$LD?$IM?x?$IC?H?$ID?$GA?$ID?$ID?$ID?$JD?$IDl?$ID?$IL?$IDv?$ID?$IK?$IDt?$IDB?$IDb?$IDN?$IDX?$IBB@ 00403380     uncompile.obj
 0002:000003a4       ??_C@_0L@JNGEEEGH@Port?$CI?$CFd?$CJ?$DL?5?$AA@ 004033a4     uncompile.obj
 0002:000003b0       ??_C@_0BE@BHOGMMME@?$JG?$LD?$IM?x?$IC?H?$ID?$HM?$IB?$FL?$IDg?$JE?T?$IN?$IG?$IBB?6?$AA@ 004033b0     uncompile.obj
 0002:000003c4       ??_C@_0BG@IPGDEJLK@?$JG?$LD?$IM?x?$IC?HEnd?5of?5Track?$IBB?6?$AA@ 004033c4     uncompile.obj
 0002:000003dc       ??_C@_0M@OAKEGAAP@Tempo?$CI?$CFd?$CJ?$DL?5?$AA@ 004033dc     uncompile.obj
 0002:000003e8       ??_C@_09KECFABOH@?$JG?$LD?$IM?x?$IC?H?$IBB?6?$AA@ 004033e8     uncompile.obj
 0002:000003f4       ??_C@_0BH@FCFCKENL@DirectSMF?$CIxFF?0x54?0x05?0?$AA@ 004033f4     uncompile.obj
 0002:0000040c       ??_C@_0BJ@NMPACFMO@?$JG?$LD?$IM?x?$IC?HSMPTE?$IDI?$IDt?$IDZ?$IDb?$IDg?$IBB?6?$AA@ 0040340c     uncompile.obj
 0002:00000428       ??_C@_0BI@EJKIMLIC@TimeSignature?$CI?$CFd?0?$CFd?$CJ?$DL?6?7?$AA@ 00403428     uncompile.obj
 0002:00000440       ??_C@_0O@HHDEJKGP@?$JG?$LD?$IM?x?$IC?H?$JE?$IP?$IOq?$IBB?6?$AA@ 00403440     uncompile.obj
 0002:00000450       ??_C@_0BH@DGMKNDJO@DirectSMF?$CIxFF?0x59?0x02?0?$AA@ 00403450     uncompile.obj
 0002:00000468       ??_C@_04OHDAEKI@?$CJ?$DL?6?7?$AA@ 00403468     uncompile.obj
 0002:00000470       ??_C@_0BL@EAPFOEMP@DirectSMF?$CIxFF?0x7F?0x00?$CJ?$DL?5?1?$CK?$AA@ 00403470     uncompile.obj
 0002:0000048c       ??_C@_03LHKBEKMG@?$CK?1?5?$AA@ 0040348c     uncompile.obj
 0002:00000490       ??_C@_0BC@LFDHCDEJ@?$JG?$LD?$IM?x?$IC?HMeta?5Event?6?$AA@ 00403490     uncompile.obj
 0002:000004a4       ??_C@_0BM@KMCAMEDC@MTrk?$ID?$GA?$ID?$ID?$ID?$JD?$IDN?$IC?$KK?$IC?$KA?$IC?h?$IC?$NM?$IC?$LJ?$IC?q?$IBB?6?$AA@ 004034a4     uncompile.obj
 0002:000004c0       ??_C@_02PHMGELLB@?6?6?$AA@ 004034c0     uncompile.obj
 0002:000004c4       ??_C@_0CK@KPGOMGCP@?1?1?9?9?9?9?9?9?9?9?9?9?9?9?9?9?9?9?9?9?9?9?9?9?9?9?9?9?9?9?9?9@ 004034c4     uncompile.obj
 0002:000004f0       ??_C@_0BF@PMKNHKKM@?1?1MThd?5Infomation?5?3?6?$AA@ 004034f0     uncompile.obj
 0002:00000508       ??_C@_0P@DHEOPLJO@?1?1?7Size?5?$DN?5?$CFd?5?6?$AA@ 00403508     uncompile.obj
 0002:00000518       ??_C@_03OPBEHGNM@?1?1?6?$AA@ 00403518     uncompile.obj
 0002:0000051c       ??_C@_07GEBCPHKK@TR?$CI?$CFd?$CJ?6?$AA@ 0040351c     uncompile.obj
 0002:00000524       ??_C@_0CE@MNAFALAP@?$JG?$LD?$IM?x?$IC?HMIDI?$IDC?$IDx?$ID?$JD?$IDg?$IC?p?$IM?$JP?$IPo?$IC?$LF?$IC?$NM?$IC?$LF?$IC?$LN@ 00403524     uncompile.obj
 0002:00000548       ??_C@_0BM@KEEKJGIG@MThd?$ID?$GA?$ID?$ID?$ID?$JD?$IDN?$IC?$KK?$IC?$KA?$IC?h?$IC?$NM?$IC?$LJ?$IC?q?$IBB?6?$AA@ 00403548     uncompile.obj
 0002:00000564       ??_C@_0CC@PFNCBBBO@Format?52?$IC?I?$IC?M?$JB?N?$IJ?$JO?$IC?$LF?$IC?D?$IC?$KI?$IC?h?$IC?$NM?$IC?$LJ?$IC?q?$IBB@ 00403564     uncompile.obj
 0002:00000588       ??_C@_0BK@HPJKPPAB@?$JG?$KC?$JCm?$IC?L?$IDt?$IDH?$IB?$FL?$ID?$HN?$IDb?$IDg?$IC?E?$IC?$LH?$IBB?6?$AA@ 00403588     uncompile.obj
 0002:000005a4       ??_C@_0BF@LCNEAMAI@?$IDg?$ID?$IJ?$IDb?$IDN?$JA?$JE?$IC?$KK0?$IC?E?$IC?$LH?$IBB?6?$AA@ 004035a4     uncompile.obj
 0002:000005bc       ??_C@_0CM@LPEEANCL@Format?50?$IC?H?$IC?L?$IC?I?$IBA?$JF?$KB?$JA?$JE?$IC?L?$IDg?$ID?$IJ?$IDb?$IDN?$IC?$KK@ 004035bc     uncompile.obj
 0002:000005e8       ??_C@_0BH@PMNOJLNE@timebase?$IC?$KK0tick?$IC?E?$IC?$LH?$IBB?6?$AA@ 004035e8     uncompile.obj
 0002:00000600       ??_C@_0CK@CDNBAHBP@?$JFb?$IOw?$JC?h?$IC?L?$IO?$JO?$IK?T?$JCP?$II?J?$IC?I?$IC?M?$JB?N?$IJ?$JO?$IC?$LF?$IC?D?$IC?$KI?$IC?h@ 00403600     uncompile.obj
 0002:0000062c       ??_C@_0N@FECELKCH@?1?1?7?7SMF2MML?6?$AA@ 0040362c     uncompile.obj
 0002:0000063c       ??_C@_0BB@CJJMEDBC@?1?1?7Format?5?$DN?5?$CFd?5?6?$AA@ 0040363c     uncompile.obj
 0002:00000650       ??_C@_0BA@MENNMMGI@?1?1?7Track?5?$DN?5?$CFd?5?6?$AA@ 00403650     uncompile.obj
 0002:00000660       ??_C@_0BH@EIKMEBGG@System?4TimeBase?5?$DN?5?$CFd?5?6?$AA@ 00403660     uncompile.obj
 0002:00000678       ___rtc_iaa                 00403678     MSVCRT:_initsect_.obj
 0002:0000067c       ___rtc_izz                 0040367c     MSVCRT:_initsect_.obj
 0002:00000680       ___rtc_taa                 00403680     MSVCRT:_initsect_.obj
 0002:00000684       ___rtc_tzz                 00403684     MSVCRT:_initsect_.obj
 0002:000006e4       __IMPORT_DESCRIPTOR_MSVCR90 004036e4     MSVCRT:MSVCR90.dll
 0002:000006f8       __IMPORT_DESCRIPTOR_KERNEL32 004036f8     kernel32:KERNEL32.dll
 0002:0000070c       __NULL_IMPORT_DESCRIPTOR   0040370c     MSVCRT:MSVCR90.dll
 0003:00000000       ___security_cookie         00404000     MSVCRT:gs_cookie.obj
 0003:00000004       ___security_cookie_complement 00404004     MSVCRT:gs_cookie.obj
 0003:00000008       ___native_dllmain_reason   00404008     MSVCRT:natstart.obj
 0003:0000000c       ___native_vcclrit_reason   0040400c     MSVCRT:natstart.obj
 0003:00000010       ___globallocalestatus      00404010     MSVCRT:xthdloc.obj
 0003:00000014       ___defaultmatherr          00404014     MSVCRT:merr.obj
 0003:0000035c       __forceCRTManifestRTM      0040435c     MSVCRT:crtmanifestrtm.obj
 0003:00000360       __dowildcard               00404360     MSVCRT:wildcard.obj
 0003:00000364       __newmode                  00404364     MSVCRT:_newmode.obj
 0003:00000368       __commode                  00404368     MSVCRT:xncommod.obj
 0003:0000036c       __fmode                    0040436c     MSVCRT:xtxtmode.obj
 0003:00000370       ___@@_PchSym_@00@UwlxfnvmghLzmwLhvggrmthUzRdzgzmzyvUnbLwlxfnvmghUerhfzoLhgfwrlLCAAIUkilqvxghUkilqvxgBUhnuCnnoUhnuCnnoUivovzhvUhgwzucOlyq@ 00404370     stdafx.obj
 0003:00000374       __adjust_fdiv              00404374     <common>
 0003:00000378       ___native_startup_state    00404378     <common>
 0003:0000037c       ___native_startup_lock     0040437c     <common>
 0003:00000380       ___onexitend               00404380     <common>
 0003:00000384       ___onexitbegin             00404384     <common>
 0003:00000388       ___dyn_tls_init_callback   00404388     <common>

 entry point at        0001:000015b0

 Static symbols

 0001:0000130e       _pre_cpp_init              0040230e f   MSVCRT:crtexe.obj
 0001:00001359       ___tmainCRTStartup         00402359 f   MSVCRT:crtexe.obj
 0001:000014cf       _pre_c_init                004024cf f   MSVCRT:crtexe.obj
