 smf2mml

 Timestamp is 49b911d1 (Thu Mar 12 22:44:49 2009)

 Preferred load address is 00400000

 Start         Length     Name                   Class
 0001:00000000 0000256bH .text                   CODE
 0002:00000000 000000d4H .idata$5                DATA
 0002:000000d4 00000004H .CRT$XCA                DATA
 0002:000000d8 00000004H .CRT$XCAA               DATA
 0002:000000dc 00000004H .CRT$XCZ                DATA
 0002:000000e0 00000004H .CRT$XIA                DATA
 0002:000000e4 00000004H .CRT$XIAA               DATA
 0002:000000e8 00000004H .CRT$XIY                DATA
 0002:000000ec 00000004H .CRT$XIZ                DATA
 0002:000000f0 00000878H .rdata                  DATA
 0002:00000968 00000004H .rtc$IAA                DATA
 0002:0000096c 00000004H .rtc$IZZ                DATA
 0002:00000970 00000004H .rtc$TAA                DATA
 0002:00000974 00000004H .rtc$TZZ                DATA
 0002:00000978 0000005cH .xdata$x                DATA
 0002:000009d4 00000028H .idata$2                DATA
 0002:000009fc 00000014H .idata$3                DATA
 0002:00000a10 000000d4H .idata$4                DATA
 0002:00000ae4 00000336H .idata$6                DATA
 0002:00000e1a 00000000H .edata                  DATA
 0003:00000000 00000020H .data                   DATA
 0003:00000020 00000374H .bss                    DATA

  Address         Publics by Value              Rva+Base       Lib:Object

 0000:00000000       ___safe_se_handler_table   00000000     <absolute>
 0000:00000000       ___safe_se_handler_count   00000000     <absolute>
 0000:00000000       ___ImageBase               00400000     <linker-defined>
 0001:00000000       ?DecodeVariable@@YAIPAUOPSW@@@Z 00401000 f   EventDecode.obj
 0001:00000050       ?EventRead@@YAIPAUOPSW@@PAUunMMLinfo@@@Z 00401050 f   EventDecode.obj
 0001:00000180       ?NoteDecode@@YAXPAUOPSW@@PAUunMMLinfo@@@Z 00401180 f   EventDecode.obj
 0001:00000330       ?DecodeControlChange@@YAXPAUOPSW@@PAUunMMLinfo@@@Z 00401330 f   EventDecode.obj
 0001:00000540       ?DecodeChannelVoiceMessage@@YAXPAUOPSW@@PAUunMMLinfo@@@Z 00401540 f   EventDecode.obj
 0001:00000660       ?DecodeMetaEvent@@YAXPAUOPSW@@PAUunMMLinfo@@@Z 00401660 f   EventDecode.obj
 0001:00000b20       ?Decode1Command@@YAXPAUOPSW@@PAUunMMLinfo@@@Z 00401b20 f   EventDecode.obj
 0001:00000c20       ?not_smf@@YAXPAD0@Z        00401c20 f   OutputMML.obj
 0001:00000c80       ?OutputHex@@YAXPAUOPSW@@H@Z 00401c80 f   OutputMML.obj
 0001:00000d00       ?OutputStrings@@YAXPAUOPSW@@H@Z 00401d00 f   OutputMML.obj
 0001:00000d60       ?OutputBarCr@@YAXPAUOPSW@@PAUunMMLinfo@@@Z 00401d60 f   OutputMML.obj
 0001:00000e20       ?Ticks2LengthEx@@YAXPAUOPSW@@PAUunMMLinfo@@H@Z 00401e20 f   OutputMML.obj
 0001:00000f10       ?OutputTicks@@YAXPAUOPSW@@PAUunMMLinfo@@@Z 00401f10 f   OutputMML.obj
 0001:000010c0       ?OutputNoteEx@@YAXPAUOPSW@@PAUunMMLinfo@@@Z 004020c0 f   OutputMML.obj
 0001:00001200       ?OutputNote@@YAXPAUOPSW@@PAUunMMLinfo@@@Z 00402200 f   OutputMML.obj
 0001:00001290       ?option@@YAXHQAPADPAUOPSW@@@Z 00402290 f   smf2mml.obj
 0001:000013d0       _main                      004023d0 f   smf2mml.obj
 0001:00001530       ?BeatCompare@@YAHPBX0@Z    00402530 f   uncompile.obj
 0001:00001570       ?AddBeat@@YAXPAUOPSW@@PAUunMMLinfo@@PAURhythm@@@Z 00402570 f   uncompile.obj
 0001:000015c0       ?MetaSearch@@YAXPAUOPSW@@PAUunMMLinfo@@@Z 004025c0 f   uncompile.obj
 0001:00001870       ?uncompile_Header@@YAXPAUOPSW@@PAUunMMLinfo@@@Z 00402870 f   uncompile.obj
 0001:00001aa0       ?uncompile@@YAXPAUOPSW@@@Z 00402aa0 f   uncompile.obj
 0001:00001c9c       _endian_b2l_W              00402c9c f   smf2mml_sub.obj
 0001:00001cb0       _endian_b2l_D              00402cb0 f   smf2mml_sub.obj
 0001:00001cd5       _NoteScaleOut              00402cd5 f   smf2mml_sub.obj
 0001:00001d12       _print_help                00402d12 f   smf2mml_sub.obj
 0001:00001d2c       @__security_check_cookie@4 00402d2c f   MSVCRT:secchk.obj
 0001:00001d3c       _fprintf                   00402d3c f   MSVCRT:MSVCR90.dll
 0001:00001d42       _exit                      00402d42 f   MSVCRT:MSVCR90.dll
 0001:00001d48       _printf                    00402d48 f   MSVCRT:MSVCR90.dll
 0001:00001ff0       _mainCRTStartup            00402ff0 f   MSVCRT:crtexe.obj
 0001:00001ffa       ___report_gsfailure        00402ffa f   MSVCRT:gs_report.obj
 0001:00002100       ?__CxxUnhandledExceptionFilter@@YGJPAU_EXCEPTION_POINTERS@@@Z 00403100 f   MSVCRT:unhandld.obj
 0001:00002142       ___CxxSetUnhandledExceptionFilter 00403142 f   MSVCRT:unhandld.obj
 0001:00002150       __amsg_exit                00403150 f   MSVCRT:MSVCR90.dll
 0001:00002156       __onexit                   00403156 f   MSVCRT:atonexit.obj
 0001:000021fb       _atexit                    004031fb f   MSVCRT:atonexit.obj
 0001:00002212       __RTC_Initialize           00403212 f   MSVCRT:_initsect_.obj
 0001:00002238       __RTC_Terminate            00403238 f   MSVCRT:_initsect_.obj
 0001:0000225e       __XcptFilter               0040325e f   MSVCRT:MSVCR90.dll
 0001:00002270       __ValidateImageBase        00403270 f   MSVCRT:pesect.obj
 0001:000022b0       __FindPESection            004032b0 f   MSVCRT:pesect.obj
 0001:00002300       __IsNonwritableInCurrentImage 00403300 f   MSVCRT:pesect.obj
 0001:000023be       __initterm                 004033be f   MSVCRT:MSVCR90.dll
 0001:000023c4       __initterm_e               004033c4 f   MSVCRT:MSVCR90.dll
 0001:000023cc       __SEH_prolog4              004033cc f   MSVCRT:sehprolg4.obj
 0001:00002411       __SEH_epilog4              00403411 f   MSVCRT:sehprolg4.obj
 0001:00002425       __except_handler4          00403425 f   MSVCRT:chandler4gs.obj
 0001:0000244a       __setdefaultprecision      0040344a f   MSVCRT:fp8.obj
 0001:00002475       __setargv                  00403475 f   MSVCRT:dllargv.obj
 0001:00002475       __matherr                  00403475 f   MSVCRT:merr.obj
 0001:00002478       ___security_init_cookie    00403478 f   MSVCRT:gs_support.obj
 0001:0000250e       __crt_debugger_hook        0040350e f   MSVCRT:MSVCR90.dll
 0001:00002514       ?terminate@@YAXXZ          00403514 f   MSVCRT:MSVCR90.dll
 0001:0000251a       __unlock                   0040351a f   MSVCRT:MSVCR90.dll
 0001:00002520       ___dllonexit               00403520 f   MSVCRT:MSVCR90.dll
 0001:00002526       __lock                     00403526 f   MSVCRT:MSVCR90.dll
 0001:0000252c       __except_handler4_common   0040352c f   MSVCRT:MSVCR90.dll
 0001:00002532       __invoke_watson            00403532 f   MSVCRT:MSVCR90.dll
 0001:00002538       __controlfp_s              00403538 f   MSVCRT:MSVCR90.dll
 0001:00002540       __chkstk                   00403540 f   MSVCRT:chkstk.obj
 0001:00002540       __alloca_probe             00403540     MSVCRT:chkstk.obj
 0002:00000000       __imp__GetCurrentProcessId@0 00404000     kernel32:KERNEL32.dll
 0002:00000004       __imp__GetCurrentThreadId@0 00404004     kernel32:KERNEL32.dll
 0002:00000008       __imp__GetTickCount@0      00404008     kernel32:KERNEL32.dll
 0002:0000000c       __imp__QueryPerformanceCounter@4 0040400c     kernel32:KERNEL32.dll
 0002:00000010       __imp__IsDebuggerPresent@0 00404010     kernel32:KERNEL32.dll
 0002:00000014       __imp__SetUnhandledExceptionFilter@4 00404014     kernel32:KERNEL32.dll
 0002:00000018       __imp__UnhandledExceptionFilter@4 00404018     kernel32:KERNEL32.dll
 0002:0000001c       __imp__GetCurrentProcess@0 0040401c     kernel32:KERNEL32.dll
 0002:00000020       __imp__TerminateProcess@8  00404020     kernel32:KERNEL32.dll
 0002:00000024       __imp__InterlockedCompareExchange@12 00404024     kernel32:KERNEL32.dll
 0002:00000028       __imp__Sleep@4             00404028     kernel32:KERNEL32.dll
 0002:0000002c       __imp__InterlockedExchange@8 0040402c     kernel32:KERNEL32.dll
 0002:00000030       __imp__GetSystemTimeAsFileTime@4 00404030     kernel32:KERNEL32.dll
 0002:00000034       \177KERNEL32_NULL_THUNK_DATA 00404034     kernel32:KERNEL32.dll
 0002:00000038       __imp____getmainargs       00404038     MSVCRT:MSVCR90.dll
 0002:0000003c       __imp___cexit              0040403c     MSVCRT:MSVCR90.dll
 0002:00000040       __imp___exit               00404040     MSVCRT:MSVCR90.dll
 0002:00000044       __imp___XcptFilter         00404044     MSVCRT:MSVCR90.dll
 0002:00000048       __imp____initenv           00404048     MSVCRT:MSVCR90.dll
 0002:0000004c       __imp___initterm           0040404c     MSVCRT:MSVCR90.dll
 0002:00000050       __imp___initterm_e         00404050     MSVCRT:MSVCR90.dll
 0002:00000054       __imp___configthreadlocale 00404054     MSVCRT:MSVCR90.dll
 0002:00000058       __imp____setusermatherr    00404058     MSVCRT:MSVCR90.dll
 0002:0000005c       __imp___adjust_fdiv        0040405c     MSVCRT:MSVCR90.dll
 0002:00000060       __imp____p__commode        00404060     MSVCRT:MSVCR90.dll
 0002:00000064       __imp____p__fmode          00404064     MSVCRT:MSVCR90.dll
 0002:00000068       __imp___amsg_exit          00404068     MSVCRT:MSVCR90.dll
 0002:0000006c       __imp____set_app_type      0040406c     MSVCRT:MSVCR90.dll
 0002:00000070       __imp___crt_debugger_hook  00404070     MSVCRT:MSVCR90.dll
 0002:00000074       __imp_?terminate@@YAXXZ    00404074     MSVCRT:MSVCR90.dll
 0002:00000078       __imp___unlock             00404078     MSVCRT:MSVCR90.dll
 0002:0000007c       __imp____dllonexit         0040407c     MSVCRT:MSVCR90.dll
 0002:00000080       __imp___lock               00404080     MSVCRT:MSVCR90.dll
 0002:00000084       __imp___onexit             00404084     MSVCRT:MSVCR90.dll
 0002:00000088       __imp___decode_pointer     00404088     MSVCRT:MSVCR90.dll
 0002:0000008c       __imp___except_handler4_common 0040408c     MSVCRT:MSVCR90.dll
 0002:00000090       __imp___invoke_watson      00404090     MSVCRT:MSVCR90.dll
 0002:00000094       __imp___controlfp_s        00404094     MSVCRT:MSVCR90.dll
 0002:00000098       __imp__qsort               00404098     MSVCRT:MSVCR90.dll
 0002:0000009c       __imp___lfind              0040409c     MSVCRT:MSVCR90.dll
 0002:000000a0       __imp__fclose              004040a0     MSVCRT:MSVCR90.dll
 0002:000000a4       __imp__fopen               004040a4     MSVCRT:MSVCR90.dll
 0002:000000a8       __imp__printf              004040a8     MSVCRT:MSVCR90.dll
 0002:000000ac       __imp__perror              004040ac     MSVCRT:MSVCR90.dll
 0002:000000b0       __imp__fputc               004040b0     MSVCRT:MSVCR90.dll
 0002:000000b4       __imp__exit                004040b4     MSVCRT:MSVCR90.dll
 0002:000000b8       __imp____iob_func          004040b8     MSVCRT:MSVCR90.dll
 0002:000000bc       __imp__fseek               004040bc     MSVCRT:MSVCR90.dll
 0002:000000c0       __imp__fprintf             004040c0     MSVCRT:MSVCR90.dll
 0002:000000c4       __imp__ftell               004040c4     MSVCRT:MSVCR90.dll
 0002:000000c8       __imp___encode_pointer     004040c8     MSVCRT:MSVCR90.dll
 0002:000000cc       __imp__fread               004040cc     MSVCRT:MSVCR90.dll
 0002:000000d0       \177MSVCR90_NULL_THUNK_DATA 004040d0     MSVCRT:MSVCR90.dll
 0002:000000d4       ___xc_a                    004040d4     MSVCRT:cinitexe.obj
 0002:000000dc       ___xc_z                    004040dc     MSVCRT:cinitexe.obj
 0002:000000e0       ___xi_a                    004040e0     MSVCRT:cinitexe.obj
 0002:000000ec       ___xi_z                    004040ec     MSVCRT:cinitexe.obj
 0002:000003a8       ??_C@_0CE@MNAFALAP@?$JG?$LD?$IM?x?$IC?HMIDI?$IDC?$IDx?$ID?$JD?$IDg?$IC?p?$IM?$JP?$IPo?$IC?$LF?$IC?$NM?$IC?$LF?$IC?$LN@ 004043a8     EventDecode.obj
 0002:000003cc       ??_C@_05ONFLABKM@?5Sub?$HL?$AA@ 004043cc     EventDecode.obj
 0002:000003d4       ??_C@_01CELHOKLL@?$HN?$AA@ 004043d4     EventDecode.obj
 0002:000003d8       ??_C@_07IPEEALDO@M?$CI?$CFd?$CJ?$DL?5?$AA@ 004043d8     EventDecode.obj
 0002:000003e0       ??_C@_08BNMJKLIP@PT?$CI?$CFd?$CJ?$DL?5?$AA@ 004043e0     EventDecode.obj
 0002:000003ec       ??_C@_0O@PPAAMGNN@DataMSB?$CI?$CFd?$CJ?$DL?5?$AA@ 004043ec     EventDecode.obj
 0002:000003fc       ??_C@_07KOJFCGED@V?$CI?$CFd?$CJ?$DL?5?$AA@ 004043fc     EventDecode.obj
 0002:00000404       ??_C@_07GIPKCPME@P?$CI?$CFd?$CJ?$DL?5?$AA@ 00404404     EventDecode.obj
 0002:0000040c       ??_C@_08HPNEKCEL@EP?$CI?$CFd?$CJ?$DL?5?$AA@ 0040440c     EventDecode.obj
 0002:00000418       ??_C@_08BHAMKCJG@PS?$CI?$CFd?$CJ?$DL?5?$AA@ 00404418     EventDecode.obj
 0002:00000424       ??_C@_0N@ODGPMHNK@Reverb?$CI?$CFd?$CJ?$DL?5?$AA@ 00404424     EventDecode.obj
 0002:00000434       ??_C@_0N@NAOIIFMI@Chorus?$CI?$CFd?$CJ?$DL?5?$AA@ 00404434     EventDecode.obj
 0002:00000444       ??_C@_09NBJEHOON@VAR?$CI?$CFd?$CJ?$DL?5?$AA@ 00404444     EventDecode.obj
 0002:00000450       ??_C@_08PLCILBKF@y?$CFd?0?$CFd?$DL?5?$AA@ 00404450     EventDecode.obj
 0002:0000045c       ??_C@_0CB@KPJFJOEM@DirectSMF?$CI$A0?$CLChannel?91?0?$CFd?0?$CFd?$CJ?$DL?5@ 0040445c     EventDecode.obj
 0002:00000480       ??_C@_0M@ODFGGEBC@Voice?$CI?$CFd?$CJ?$DL?5?$AA@ 00404480     EventDecode.obj
 0002:0000048c       ??_C@_0BO@JIBGEJMF@DirectSMF?$CI$D0?$CLChannel?91?0?$CFd?$CJ?$DL?5?$AA@ 0040448c     EventDecode.obj
 0002:000004ac       ??_C@_0BA@FPBONJID@PitchBend?$CI?$CFd?$CJ?$DL?5?$AA@ 004044ac     EventDecode.obj
 0002:000004bc       ??_C@_0BP@LFOLJFCK@?$JG?$LD?$IM?x?$IC?HChannel?5Voice?5Message?$IBB?6?$AA@ 004044bc     EventDecode.obj
 0002:000004dc       ??_C@_0N@JAKGDJF@SysEx?5?$DN?5$F0?0?$AA@ 004044dc     EventDecode.obj
 0002:000004ec       ??_C@_08LDIEBLGB@SysEx?5?$DN?5?$AA@ 004044ec     EventDecode.obj
 0002:000004f8       ??_C@_0BH@BBAHIGAL@DirectSMF?$CI$FF?0$00?0$02?0?$AA@ 004044f8     EventDecode.obj
 0002:00000510       ??_C@_03LODLOOIE@?$CJ?$DL?5?$AA@ 00404510     EventDecode.obj
 0002:00000514       ??_C@_0BI@JAFDBOGK@?$JG?$LD?$IM?x?$IC?H?$IDV?$IB?$FL?$IDP?$ID?$JD?$IDX?$JE?T?$IN?$IG?$IBB?6?$AA@ 00404514     EventDecode.obj
 0002:0000052c       ??_C@_0L@ENEAPOEF@MetaText?$DN?$HL?$AA@ 0040452c     EventDecode.obj
 0002:00000538       ??_C@_04MDOAGNKD@?$HN?$DL?6?7?$AA@ 00404538     EventDecode.obj
 0002:00000540       ??_C@_0M@OCHPLDPI@Copyright?$DN?$HL?$AA@ 00404540     EventDecode.obj
 0002:0000054c       ??_C@_0M@JBONGNPL@TrackName?$DN?$HL?$AA@ 0040454c     EventDecode.obj
 0002:00000558       ??_C@_0BB@NLALEGFI@InstrumentName?$DN?$HL?$AA@ 00404558     EventDecode.obj
 0002:0000056c       ??_C@_07IGDMFFCJ@Lyric?$DN?$HL?$AA@ 0040456c     EventDecode.obj
 0002:00000574       ??_C@_03PKFEHGHB@?$HN?$DL?5?$AA@ 00404574     EventDecode.obj
 0002:00000578       ??_C@_08EDDCNHGL@Marker?$DN?$HL?$AA@ 00404578     EventDecode.obj
 0002:00000584       ??_C@_0L@PIECACIL@CuePoint?$DN?$HL?$AA@ 00404584     EventDecode.obj
 0002:00000590       ??_C@_0BE@OIKJGGGH@ChannelPrefix?$CI?$CFd?$CJ?$DL?5?$AA@ 00404590     EventDecode.obj
 0002:000005a4       ??_C@_0CC@NDMLPPKE@?$JG?$LD?$IM?x?$IC?H?$ID?$GA?$ID?$ID?$ID?$JD?$IDl?$ID?$IL?$IDv?$ID?$IK?$IDt?$IDB?$IDb?$IDN?$IDX?$IBB@ 004045a4     EventDecode.obj
 0002:000005c8       ??_C@_0L@JNGEEEGH@Port?$CI?$CFd?$CJ?$DL?5?$AA@ 004045c8     EventDecode.obj
 0002:000005d4       ??_C@_0BE@BHOGMMME@?$JG?$LD?$IM?x?$IC?H?$ID?$HM?$IB?$FL?$IDg?$JE?T?$IN?$IG?$IBB?6?$AA@ 004045d4     EventDecode.obj
 0002:000005e8       ??_C@_0BG@IPGDEJLK@?$JG?$LD?$IM?x?$IC?HEnd?5of?5Track?$IBB?6?$AA@ 004045e8     EventDecode.obj
 0002:00000600       ??_C@_0M@OAKEGAAP@Tempo?$CI?$CFd?$CJ?$DL?5?$AA@ 00404600     EventDecode.obj
 0002:0000060c       ??_C@_09KECFABOH@?$JG?$LD?$IM?x?$IC?H?$IBB?6?$AA@ 0040460c     EventDecode.obj
 0002:00000618       ??_C@_0BH@KIOHLKPJ@DirectSMF?$CI$FF?0$54?0$05?0?$AA@ 00404618     EventDecode.obj
 0002:00000630       ??_C@_0BJ@NMPACFMO@?$JG?$LD?$IM?x?$IC?HSMPTE?$IDI?$IDt?$IDZ?$IDb?$IDg?$IBB?6?$AA@ 00404630     EventDecode.obj
 0002:0000064c       ??_C@_0BI@EJKIMLIC@TimeSignature?$CI?$CFd?0?$CFd?$CJ?$DL?6?7?$AA@ 0040464c     EventDecode.obj
 0002:00000664       ??_C@_0O@HHDEJKGP@?$JG?$LD?$IM?x?$IC?H?$JE?$IP?$IOq?$IBB?6?$AA@ 00404664     EventDecode.obj
 0002:00000674       ??_C@_0BH@MMHPMNLM@DirectSMF?$CI$FF?0$59?0$02?0?$AA@ 00404674     EventDecode.obj
 0002:0000068c       ??_C@_04OHDAEKI@?$CJ?$DL?6?7?$AA@ 0040468c     EventDecode.obj
 0002:00000694       ??_C@_0O@EGPKJJJ@?$JG?$LD?$IM?x?$IC?H?$JC?$LC?$IN?$IG?$IBB?6?$AA@ 00404694     EventDecode.obj
 0002:000006a4       ??_C@_0BL@JIKMEMPP@DirectSMF?$CI$FF?0$7F?0$00?$CJ?$DL?5?1?$CK?$AA@ 004046a4     EventDecode.obj
 0002:000006c0       ??_C@_03LHKBEKMG@?$CK?1?5?$AA@ 004046c0     EventDecode.obj
 0002:000006c4       ??_C@_0BC@LFDHCDEJ@?$JG?$LD?$IM?x?$IC?HMeta?5Event?6?$AA@ 004046c4     EventDecode.obj
 0002:000006d8       ??_C@_02LMMGGCAJ@?3?5?$AA@ 004046d8     OutputMML.obj
 0002:000006dc       ??_C@_0BE@KAEBEAOL@?$IDf?$IB?$FL?$ID?$FO?$IC?$KK?$JFs?$JA?$LD?$IC?E?$IC?$LH?$IBB?6?$AA@ 004046dc     OutputMML.obj
 0002:000006f0       ??_C@_03LNAPELNN@$?$CFX?$AA@ 004046f0     OutputMML.obj
 0002:000006f4       ??_C@_01IHBHIGKO@?0?$AA@   004046f4     OutputMML.obj
 0002:000006f8       ??_C@_01ICJEACDI@?$DL?$AA@ 004046f8     OutputMML.obj
 0002:000006fc       ??_C@_01CLKCMJKC@?5?$AA@   004046fc     OutputMML.obj
 0002:00000700       ??_C@_02NMOLBIHC@?6?7?$AA@ 00404700     OutputMML.obj
 0002:00000704       ??_C@_03GLNMNKPP@?7?$HM?5?$AA@ 00404704     OutputMML.obj
 0002:00000708       ??_C@_02DPKJAMEF@?$CFd?$AA@ 00404708     OutputMML.obj
 0002:0000070c       ??_C@_01JKBOJNNK@?$FO?$AA@ 0040470c     OutputMML.obj
 0002:00000710       ??_C@_03KPPIPFAL@v?$CFd?$AA@ 00404710     OutputMML.obj
 0002:00000714       ??_C@_02FODMEDOG@?$DM?$DM?$AA@ 00404714     OutputMML.obj
 0002:00000718       ??_C@_01MNNFJEPP@?$DM?$AA@ 00404718     OutputMML.obj
 0002:0000071c       ??_C@_01PPODPGHN@?$DO?$AA@ 0040471c     OutputMML.obj
 0002:00000720       ??_C@_02GPIOPFAK@?$DO?$DO?$AA@ 00404720     OutputMML.obj
 0002:00000724       ??_C@_03ICOJONBO@o?$CFd?$AA@ 00404724     OutputMML.obj
 0002:00000728       ??_C@_01KDCPPGHE@r?$AA@    00404728     OutputMML.obj
 0002:0000072c       ??_C@_0P@BLGOKKEG@?6Time?$CI1?31?30?$CJ?$DL?6?$AA@ 0040472c     OutputMML.obj
 0002:0000073c       ??_C@_06JJIKIDAH@TR?$CI?$CFd?$CJ?$AA@ 0040473c     OutputMML.obj
 0002:00000744       ??_C@_0BE@KNEACALO@?7CH?$CI?$CFd?$CJ?$DL?7q100?5h?91?6?7?$AA@ 00404744     OutputMML.obj
 0002:00000758       ??_C@_0BI@CHEOOCN@?$IDI?$IDv?$IDV?$ID?$IH?$ID?$JD?$IC?$KK?$JFs?$JA?$LD?$IC?E?$IC?$LH?$IBB?6?$AA@ 00404758     smf2mml.obj
 0002:00000770       ??_C@_06NNOJKKP@SMF?5?$DN?5?$AA@ 00404770     smf2mml.obj
 0002:00000778       ??_C@_01EEMJAFIK@?6?$AA@   00404778     smf2mml.obj
 0002:0000077c       ??_C@_06HAIPGFJN@MML?5?$DN?5?$AA@ 0040477c     smf2mml.obj
 0002:00000784       ??_C@_02JDPG@rb?$AA@       00404784     smf2mml.obj
 0002:00000787       ??_C@_00CNPNBAHC@?$AA@     00404787     smf2mml.obj
 0002:00000788       ??_C@_01NOFIACDB@w?$AA@    00404788     smf2mml.obj
 0002:0000078c       ??_C@_0BM@KMCAMEDC@MTrk?$ID?$GA?$ID?$ID?$ID?$JD?$IDN?$IC?$KK?$IC?$KA?$IC?h?$IC?$NM?$IC?$LJ?$IC?q?$IBB?6?$AA@ 0040478c     uncompile.obj
 0002:000007a8       ??_C@_0BM@KEEKJGIG@MThd?$ID?$GA?$ID?$ID?$ID?$JD?$IDN?$IC?$KK?$IC?$KA?$IC?h?$IC?$NM?$IC?$LJ?$IC?q?$IBB?6?$AA@ 004047a8     uncompile.obj
 0002:000007c4       ??_C@_0CC@PFNCBBBO@Format?52?$IC?I?$IC?M?$JB?N?$IJ?$JO?$IC?$LF?$IC?D?$IC?$KI?$IC?h?$IC?$NM?$IC?$LJ?$IC?q?$IBB@ 004047c4     uncompile.obj
 0002:000007e8       ??_C@_0BK@HPJKPPAB@?$JG?$KC?$JCm?$IC?L?$IDt?$IDH?$IB?$FL?$ID?$HN?$IDb?$IDg?$IC?E?$IC?$LH?$IBB?6?$AA@ 004047e8     uncompile.obj
 0002:00000804       ??_C@_0BF@LCNEAMAI@?$IDg?$ID?$IJ?$IDb?$IDN?$JA?$JE?$IC?$KK0?$IC?E?$IC?$LH?$IBB?6?$AA@ 00404804     uncompile.obj
 0002:0000081c       ??_C@_0CM@LPEEANCL@Format?50?$IC?H?$IC?L?$IC?I?$IBA?$JF?$KB?$JA?$JE?$IC?L?$IDg?$ID?$IJ?$IDb?$IDN?$IC?$KK@ 0040481c     uncompile.obj
 0002:00000848       ??_C@_0BH@PMNOJLNE@timebase?$IC?$KK0tick?$IC?E?$IC?$LH?$IBB?6?$AA@ 00404848     uncompile.obj
 0002:00000860       ??_C@_0CK@CDNBAHBP@?$JFb?$IOw?$JC?h?$IC?L?$IO?$JO?$IK?T?$JCP?$II?J?$IC?I?$IC?M?$JB?N?$IJ?$JO?$IC?$LF?$IC?D?$IC?$KI?$IC?h@ 00404860     uncompile.obj
 0002:0000088c       ??_C@_0CK@KPGOMGCP@?1?1?9?9?9?9?9?9?9?9?9?9?9?9?9?9?9?9?9?9?9?9?9?9?9?9?9?9?9?9?9?9@ 0040488c     uncompile.obj
 0002:000008b8       ??_C@_0N@FECELKCH@?1?1?7?7SMF2MML?6?$AA@ 004048b8     uncompile.obj
 0002:000008c8       ??_C@_0BF@PMKNHKKM@?1?1MThd?5Infomation?5?3?6?$AA@ 004048c8     uncompile.obj
 0002:000008e0       ??_C@_0P@DHEOPLJO@?1?1?7Size?5?$DN?5?$CFd?5?6?$AA@ 004048e0     uncompile.obj
 0002:000008f0       ??_C@_0BB@CJJMEDBC@?1?1?7Format?5?$DN?5?$CFd?5?6?$AA@ 004048f0     uncompile.obj
 0002:00000904       ??_C@_0BA@MENNMMGI@?1?1?7Track?5?$DN?5?$CFd?5?6?$AA@ 00404904     uncompile.obj
 0002:00000914       ??_C@_03OPBEHGNM@?1?1?6?$AA@ 00404914     uncompile.obj
 0002:00000918       ??_C@_0BH@EIKMEBGG@System?4TimeBase?5?$DN?5?$CFd?5?6?$AA@ 00404918     uncompile.obj
 0002:00000930       ??_C@_0CK@NNIKFAPI@Pointer?3?$CFd?5?1?5Length?3?$CFd?5?1?5Key?3?$CFd?5@ 00404930     uncompile.obj
 0002:0000095c       ??_C@_02PHMGELLB@?6?6?$AA@ 0040495c     uncompile.obj
 0002:00000960       ??_C@_07GEBCPHKK@TR?$CI?$CFd?$CJ?6?$AA@ 00404960     uncompile.obj
 0002:00000968       ___rtc_iaa                 00404968     MSVCRT:_initsect_.obj
 0002:0000096c       ___rtc_izz                 0040496c     MSVCRT:_initsect_.obj
 0002:00000970       ___rtc_taa                 00404970     MSVCRT:_initsect_.obj
 0002:00000974       ___rtc_tzz                 00404974     MSVCRT:_initsect_.obj
 0002:000009d4       __IMPORT_DESCRIPTOR_MSVCR90 004049d4     MSVCRT:MSVCR90.dll
 0002:000009e8       __IMPORT_DESCRIPTOR_KERNEL32 004049e8     kernel32:KERNEL32.dll
 0002:000009fc       __NULL_IMPORT_DESCRIPTOR   004049fc     MSVCRT:MSVCR90.dll
 0003:00000000       ___security_cookie         00405000     MSVCRT:gs_cookie.obj
 0003:00000004       ___security_cookie_complement 00405004     MSVCRT:gs_cookie.obj
 0003:00000008       ___native_dllmain_reason   00405008     MSVCRT:natstart.obj
 0003:0000000c       ___native_vcclrit_reason   0040500c     MSVCRT:natstart.obj
 0003:00000010       ___globallocalestatus      00405010     MSVCRT:xthdloc.obj
 0003:00000014       ___defaultmatherr          00405014     MSVCRT:merr.obj
 0003:00000364       __forceCRTManifestRTM      00405364     MSVCRT:crtmanifestrtm.obj
 0003:00000368       __dowildcard               00405368     MSVCRT:wildcard.obj
 0003:0000036c       __newmode                  0040536c     MSVCRT:_newmode.obj
 0003:00000370       __commode                  00405370     MSVCRT:xncommod.obj
 0003:00000374       __fmode                    00405374     MSVCRT:xtxtmode.obj
 0003:00000378       ___@@_PchSym_@00@UKltKorKpyKlqKrwKprKlsKpkKpvKluKrkKoxUnbLkilqvxgUhnuCnnoUhnuCnnoUivovzhvUhgwzucOlyq@ 00405378     stdafx.obj
 0003:0000037c       __adjust_fdiv              0040537c     <common>
 0003:00000380       ___native_startup_state    00405380     <common>
 0003:00000384       ___native_startup_lock     00405384     <common>
 0003:00000388       ___onexitend               00405388     <common>
 0003:0000038c       ___onexitbegin             0040538c     <common>
 0003:00000390       ___dyn_tls_init_callback   00405390     <common>

 entry point at        0001:00001ff0

 Static symbols

 0001:00001d4e       _pre_cpp_init              00402d4e f   MSVCRT:crtexe.obj
 0001:00001d99       ___tmainCRTStartup         00402d99 f   MSVCRT:crtexe.obj
 0001:00001f0f       _pre_c_init                00402f0f f   MSVCRT:crtexe.obj
