 smf2mml

 Timestamp is 49ba136b (Fri Mar 13 17:03:55 2009)

 Preferred load address is 00400000

 Start         Length     Name                   Class
 0001:00000000 0000276bH .text                   CODE
 0002:00000000 000000d8H .idata$5                DATA
 0002:000000d8 00000004H .CRT$XCA                DATA
 0002:000000dc 00000004H .CRT$XCAA               DATA
 0002:000000e0 00000004H .CRT$XCZ                DATA
 0002:000000e4 00000004H .CRT$XIA                DATA
 0002:000000e8 00000004H .CRT$XIAA               DATA
 0002:000000ec 00000004H .CRT$XIY                DATA
 0002:000000f0 00000004H .CRT$XIZ                DATA
 0002:000000f4 00000a94H .rdata                  DATA
 0002:00000b88 00000004H .rtc$IAA                DATA
 0002:00000b8c 00000004H .rtc$IZZ                DATA
 0002:00000b90 00000004H .rtc$TAA                DATA
 0002:00000b94 00000004H .rtc$TZZ                DATA
 0002:00000b98 0000005cH .xdata$x                DATA
 0002:00000bf4 00000028H .idata$2                DATA
 0002:00000c1c 00000014H .idata$3                DATA
 0002:00000c30 000000d8H .idata$4                DATA
 0002:00000d08 00000340H .idata$6                DATA
 0002:00001048 00000000H .edata                  DATA
 0003:00000000 00000020H .data                   DATA
 0003:00000020 00000374H .bss                    DATA

  Address         Publics by Value              Rva+Base       Lib:Object

 0000:00000000       ___safe_se_handler_table   00000000     <absolute>
 0000:00000000       ___safe_se_handler_count   00000000     <absolute>
 0000:00000000       ___ImageBase               00400000     <linker-defined>
 0001:00000000       ?DecodeVariable@@YAIPAUOPSW@@@Z 00401000 f   EventDecode.obj
 0001:00000050       ?EventRead@@YAIPAUOPSW@@PAUunMMLinfo@@@Z 00401050 f   EventDecode.obj
 0001:00000180       ?NoteDecode@@YAXPAUOPSW@@PAUunMMLinfo@@@Z 00401180 f   EventDecode.obj
 0001:00000330       ?DecodeControlChange@@YAXPAUOPSW@@PAUunMMLinfo@@@Z 00401330 f   EventDecode.obj
 0001:00000540       ?DecodeChannelVoiceMessage@@YAXPAUOPSW@@PAUunMMLinfo@@@Z 00401540 f   EventDecode.obj
 0001:00000660       ?DecodeSystemExcusiveMessage@@YAXPAUOPSW@@PAUunMMLinfo@@@Z 00401660 f   EventDecode.obj
 0001:000006a0       ?DecodeSystemCommonMessage@@YAXPAUOPSW@@PAUunMMLinfo@@@Z 004016a0 f   EventDecode.obj
 0001:000006e0       ?DecodeMetaEvent@@YAXPAUOPSW@@PAUunMMLinfo@@@Z 004016e0 f   EventDecode.obj
 0001:00000ba0       ?Decode1Command@@YAXPAUOPSW@@PAUunMMLinfo@@@Z 00401ba0 f   EventDecode.obj
 0001:00000c90       ?not_smf@@YAXPAD0@Z        00401c90 f   OutputMML.obj
 0001:00000cf0       ?OutputHex@@YAXPAUOPSW@@H@Z 00401cf0 f   OutputMML.obj
 0001:00000d50       ?OutputStrings@@YAXPAUOPSW@@H@Z 00401d50 f   OutputMML.obj
 0001:00000db0       ?OutputBarCr@@YAXPAUOPSW@@PAUunMMLinfo@@@Z 00401db0 f   OutputMML.obj
 0001:00000e70       ?Ticks2LengthEx@@YAXPAUOPSW@@PAUunMMLinfo@@H@Z 00401e70 f   OutputMML.obj
 0001:00000f60       ?OutputTicks@@YAXPAUOPSW@@PAUunMMLinfo@@@Z 00401f60 f   OutputMML.obj
 0001:00001120       ?OutputNoteEx@@YAXPAUOPSW@@PAUunMMLinfo@@@Z 00402120 f   OutputMML.obj
 0001:00001260       ?OutputNote@@YAXPAUOPSW@@PAUunMMLinfo@@@Z 00402260 f   OutputMML.obj
 0001:000012f0       ?opError@@YAXPAD@Z         004022f0 f   smf2mml.obj
 0001:00001340       ?option@@YAXHQAPADPAUOPSW@@@Z 00402340 f   smf2mml.obj
 0001:000015d0       _main                      004025d0 f   smf2mml.obj
 0001:00001730       ?BeatCompare@@YAHPBX0@Z    00402730 f   uncompile.obj
 0001:00001770       ?AddBeat@@YAXPAUOPSW@@PAUunMMLinfo@@PAURhythm@@@Z 00402770 f   uncompile.obj
 0001:000017c0       ?MetaSearch@@YAXPAUOPSW@@PAUunMMLinfo@@@Z 004027c0 f   uncompile.obj
 0001:00001a70       ?uncompile_Header@@YAXPAUOPSW@@PAUunMMLinfo@@@Z 00402a70 f   uncompile.obj
 0001:00001cb0       ?uncompile@@YAXPAUOPSW@@@Z 00402cb0 f   uncompile.obj
 0001:00001ea4       _endian_b2l_W              00402ea4 f   smf2mml_sub.obj
 0001:00001eb8       _endian_b2l_D              00402eb8 f   smf2mml_sub.obj
 0001:00001edd       _NoteScaleOut              00402edd f   smf2mml_sub.obj
 0001:00001f17       _print_help                00402f17 f   smf2mml_sub.obj
 0001:00001f31       @__security_check_cookie@4 00402f31 f   MSVCRT:secchk.obj
 0001:00001f40       _fprintf                   00402f40 f   MSVCRT:MSVCR90.dll
 0001:00001f46       _exit                      00402f46 f   MSVCRT:MSVCR90.dll
 0001:00001f4c       _printf                    00402f4c f   MSVCRT:MSVCR90.dll
 0001:000021f4       _mainCRTStartup            004031f4 f   MSVCRT:crtexe.obj
 0001:000021fe       ___report_gsfailure        004031fe f   MSVCRT:gs_report.obj
 0001:00002304       ?__CxxUnhandledExceptionFilter@@YGJPAU_EXCEPTION_POINTERS@@@Z 00403304 f   MSVCRT:unhandld.obj
 0001:00002346       ___CxxSetUnhandledExceptionFilter 00403346 f   MSVCRT:unhandld.obj
 0001:00002354       __amsg_exit                00403354 f   MSVCRT:MSVCR90.dll
 0001:0000235a       __onexit                   0040335a f   MSVCRT:atonexit.obj
 0001:000023ff       _atexit                    004033ff f   MSVCRT:atonexit.obj
 0001:00002416       __RTC_Initialize           00403416 f   MSVCRT:_initsect_.obj
 0001:0000243c       __RTC_Terminate            0040343c f   MSVCRT:_initsect_.obj
 0001:00002462       __XcptFilter               00403462 f   MSVCRT:MSVCR90.dll
 0001:00002470       __ValidateImageBase        00403470 f   MSVCRT:pesect.obj
 0001:000024b0       __FindPESection            004034b0 f   MSVCRT:pesect.obj
 0001:00002500       __IsNonwritableInCurrentImage 00403500 f   MSVCRT:pesect.obj
 0001:000025be       __initterm                 004035be f   MSVCRT:MSVCR90.dll
 0001:000025c4       __initterm_e               004035c4 f   MSVCRT:MSVCR90.dll
 0001:000025cc       __SEH_prolog4              004035cc f   MSVCRT:sehprolg4.obj
 0001:00002611       __SEH_epilog4              00403611 f   MSVCRT:sehprolg4.obj
 0001:00002625       __except_handler4          00403625 f   MSVCRT:chandler4gs.obj
 0001:0000264a       __setdefaultprecision      0040364a f   MSVCRT:fp8.obj
 0001:00002675       __setargv                  00403675 f   MSVCRT:dllargv.obj
 0001:00002675       __matherr                  00403675 f   MSVCRT:merr.obj
 0001:00002678       ___security_init_cookie    00403678 f   MSVCRT:gs_support.obj
 0001:0000270e       __crt_debugger_hook        0040370e f   MSVCRT:MSVCR90.dll
 0001:00002714       ?terminate@@YAXXZ          00403714 f   MSVCRT:MSVCR90.dll
 0001:0000271a       __unlock                   0040371a f   MSVCRT:MSVCR90.dll
 0001:00002720       ___dllonexit               00403720 f   MSVCRT:MSVCR90.dll
 0001:00002726       __lock                     00403726 f   MSVCRT:MSVCR90.dll
 0001:0000272c       __except_handler4_common   0040372c f   MSVCRT:MSVCR90.dll
 0001:00002732       __invoke_watson            00403732 f   MSVCRT:MSVCR90.dll
 0001:00002738       __controlfp_s              00403738 f   MSVCRT:MSVCR90.dll
 0001:00002740       __alloca_probe             00403740     MSVCRT:chkstk.obj
 0001:00002740       __chkstk                   00403740 f   MSVCRT:chkstk.obj
 0002:00000000       __imp__GetCurrentProcessId@0 00404000     kernel32:KERNEL32.dll
 0002:00000004       __imp__GetCurrentThreadId@0 00404004     kernel32:KERNEL32.dll
 0002:00000008       __imp__GetTickCount@0      00404008     kernel32:KERNEL32.dll
 0002:0000000c       __imp__QueryPerformanceCounter@4 0040400c     kernel32:KERNEL32.dll
 0002:00000010       __imp__IsDebuggerPresent@0 00404010     kernel32:KERNEL32.dll
 0002:00000014       __imp__SetUnhandledExceptionFilter@4 00404014     kernel32:KERNEL32.dll
 0002:00000018       __imp__UnhandledExceptionFilter@4 00404018     kernel32:KERNEL32.dll
 0002:0000001c       __imp__GetCurrentProcess@0 0040401c     kernel32:KERNEL32.dll
 0002:00000020       __imp__TerminateProcess@8  00404020     kernel32:KERNEL32.dll
 0002:00000024       __imp__InterlockedCompareExchange@12 00404024     kernel32:KERNEL32.dll
 0002:00000028       __imp__Sleep@4             00404028     kernel32:KERNEL32.dll
 0002:0000002c       __imp__InterlockedExchange@8 0040402c     kernel32:KERNEL32.dll
 0002:00000030       __imp__GetSystemTimeAsFileTime@4 00404030     kernel32:KERNEL32.dll
 0002:00000034       \177KERNEL32_NULL_THUNK_DATA 00404034     kernel32:KERNEL32.dll
 0002:00000038       __imp___amsg_exit          00404038     MSVCRT:MSVCR90.dll
 0002:0000003c       __imp____getmainargs       0040403c     MSVCRT:MSVCR90.dll
 0002:00000040       __imp___cexit              00404040     MSVCRT:MSVCR90.dll
 0002:00000044       __imp___exit               00404044     MSVCRT:MSVCR90.dll
 0002:00000048       __imp___XcptFilter         00404048     MSVCRT:MSVCR90.dll
 0002:0000004c       __imp____initenv           0040404c     MSVCRT:MSVCR90.dll
 0002:00000050       __imp___initterm           00404050     MSVCRT:MSVCR90.dll
 0002:00000054       __imp___initterm_e         00404054     MSVCRT:MSVCR90.dll
 0002:00000058       __imp___configthreadlocale 00404058     MSVCRT:MSVCR90.dll
 0002:0000005c       __imp____setusermatherr    0040405c     MSVCRT:MSVCR90.dll
 0002:00000060       __imp___adjust_fdiv        00404060     MSVCRT:MSVCR90.dll
 0002:00000064       __imp____p__commode        00404064     MSVCRT:MSVCR90.dll
 0002:00000068       __imp__qsort               00404068     MSVCRT:MSVCR90.dll
 0002:0000006c       __imp___encode_pointer     0040406c     MSVCRT:MSVCR90.dll
 0002:00000070       __imp____set_app_type      00404070     MSVCRT:MSVCR90.dll
 0002:00000074       __imp___crt_debugger_hook  00404074     MSVCRT:MSVCR90.dll
 0002:00000078       __imp_?terminate@@YAXXZ    00404078     MSVCRT:MSVCR90.dll
 0002:0000007c       __imp___unlock             0040407c     MSVCRT:MSVCR90.dll
 0002:00000080       __imp____dllonexit         00404080     MSVCRT:MSVCR90.dll
 0002:00000084       __imp___lock               00404084     MSVCRT:MSVCR90.dll
 0002:00000088       __imp___onexit             00404088     MSVCRT:MSVCR90.dll
 0002:0000008c       __imp___decode_pointer     0040408c     MSVCRT:MSVCR90.dll
 0002:00000090       __imp___except_handler4_common 00404090     MSVCRT:MSVCR90.dll
 0002:00000094       __imp___invoke_watson      00404094     MSVCRT:MSVCR90.dll
 0002:00000098       __imp___controlfp_s        00404098     MSVCRT:MSVCR90.dll
 0002:0000009c       __imp___lfind              0040409c     MSVCRT:MSVCR90.dll
 0002:000000a0       __imp__fclose              004040a0     MSVCRT:MSVCR90.dll
 0002:000000a4       __imp__fopen               004040a4     MSVCRT:MSVCR90.dll
 0002:000000a8       __imp__sscanf              004040a8     MSVCRT:MSVCR90.dll
 0002:000000ac       __imp__printf              004040ac     MSVCRT:MSVCR90.dll
 0002:000000b0       __imp__perror              004040b0     MSVCRT:MSVCR90.dll
 0002:000000b4       __imp__fputc               004040b4     MSVCRT:MSVCR90.dll
 0002:000000b8       __imp__exit                004040b8     MSVCRT:MSVCR90.dll
 0002:000000bc       __imp____iob_func          004040bc     MSVCRT:MSVCR90.dll
 0002:000000c0       __imp__fseek               004040c0     MSVCRT:MSVCR90.dll
 0002:000000c4       __imp__fprintf             004040c4     MSVCRT:MSVCR90.dll
 0002:000000c8       __imp__ftell               004040c8     MSVCRT:MSVCR90.dll
 0002:000000cc       __imp____p__fmode          004040cc     MSVCRT:MSVCR90.dll
 0002:000000d0       __imp__fread               004040d0     MSVCRT:MSVCR90.dll
 0002:000000d4       \177MSVCR90_NULL_THUNK_DATA 004040d4     MSVCRT:MSVCR90.dll
 0002:000000d8       ___xc_a                    004040d8     MSVCRT:cinitexe.obj
 0002:000000e0       ___xc_z                    004040e0     MSVCRT:cinitexe.obj
 0002:000000e4       ___xi_a                    004040e4     MSVCRT:cinitexe.obj
 0002:000000f0       ___xi_z                    004040f0     MSVCRT:cinitexe.obj
 0002:00000520       ??_C@_0CE@MNAFALAP@?$JG?$LD?$IM?x?$IC?HMIDI?$IDC?$IDx?$ID?$JD?$IDg?$IC?p?$IM?$JP?$IPo?$IC?$LF?$IC?$NM?$IC?$LF?$IC?$LN@ 00404520     EventDecode.obj
 0002:00000544       ??_C@_05ONFLABKM@?5Sub?$HL?$AA@ 00404544     EventDecode.obj
 0002:0000054c       ??_C@_01CELHOKLL@?$HN?$AA@ 0040454c     EventDecode.obj
 0002:00000550       ??_C@_07IPEEALDO@M?$CI?$CFd?$CJ?$DL?5?$AA@ 00404550     EventDecode.obj
 0002:00000558       ??_C@_08BNMJKLIP@PT?$CI?$CFd?$CJ?$DL?5?$AA@ 00404558     EventDecode.obj
 0002:00000564       ??_C@_0O@PPAAMGNN@DataMSB?$CI?$CFd?$CJ?$DL?5?$AA@ 00404564     EventDecode.obj
 0002:00000574       ??_C@_07KOJFCGED@V?$CI?$CFd?$CJ?$DL?5?$AA@ 00404574     EventDecode.obj
 0002:0000057c       ??_C@_07GIPKCPME@P?$CI?$CFd?$CJ?$DL?5?$AA@ 0040457c     EventDecode.obj
 0002:00000584       ??_C@_08HPNEKCEL@EP?$CI?$CFd?$CJ?$DL?5?$AA@ 00404584     EventDecode.obj
 0002:00000590       ??_C@_08BHAMKCJG@PS?$CI?$CFd?$CJ?$DL?5?$AA@ 00404590     EventDecode.obj
 0002:0000059c       ??_C@_0N@ODGPMHNK@Reverb?$CI?$CFd?$CJ?$DL?5?$AA@ 0040459c     EventDecode.obj
 0002:000005ac       ??_C@_0N@NAOIIFMI@Chorus?$CI?$CFd?$CJ?$DL?5?$AA@ 004045ac     EventDecode.obj
 0002:000005bc       ??_C@_09NBJEHOON@VAR?$CI?$CFd?$CJ?$DL?5?$AA@ 004045bc     EventDecode.obj
 0002:000005c8       ??_C@_08PLCILBKF@y?$CFd?0?$CFd?$DL?5?$AA@ 004045c8     EventDecode.obj
 0002:000005d4       ??_C@_0CB@KPJFJOEM@DirectSMF?$CI$A0?$CLChannel?91?0?$CFd?0?$CFd?$CJ?$DL?5@ 004045d4     EventDecode.obj
 0002:000005f8       ??_C@_0M@ODFGGEBC@Voice?$CI?$CFd?$CJ?$DL?5?$AA@ 004045f8     EventDecode.obj
 0002:00000604       ??_C@_0BO@JIBGEJMF@DirectSMF?$CI$D0?$CLChannel?91?0?$CFd?$CJ?$DL?5?$AA@ 00404604     EventDecode.obj
 0002:00000624       ??_C@_0BA@FPBONJID@PitchBend?$CI?$CFd?$CJ?$DL?5?$AA@ 00404624     EventDecode.obj
 0002:00000634       ??_C@_0BP@LFOLJFCK@?$JG?$LD?$IM?x?$IC?HChannel?5Voice?5Message?$IBB?6?$AA@ 00404634     EventDecode.obj
 0002:00000654       ??_C@_0N@JAKGDJF@SysEx?5?$DN?5$F0?0?$AA@ 00404654     EventDecode.obj
 0002:00000664       ??_C@_03CFMEGBNM@?$DL?6?7?$AA@ 00404664     EventDecode.obj
 0002:00000668       ??_C@_08LDIEBLGB@SysEx?5?$DN?5?$AA@ 00404668     EventDecode.obj
 0002:00000674       ??_C@_0BH@BBAHIGAL@DirectSMF?$CI$FF?0$00?0$02?0?$AA@ 00404674     EventDecode.obj
 0002:0000068c       ??_C@_03LODLOOIE@?$CJ?$DL?5?$AA@ 0040468c     EventDecode.obj
 0002:00000690       ??_C@_0BI@JAFDBOGK@?$JG?$LD?$IM?x?$IC?H?$IDV?$IB?$FL?$IDP?$ID?$JD?$IDX?$JE?T?$IN?$IG?$IBB?6?$AA@ 00404690     EventDecode.obj
 0002:000006a8       ??_C@_0L@ENEAPOEF@MetaText?$DN?$HL?$AA@ 004046a8     EventDecode.obj
 0002:000006b4       ??_C@_04MDOAGNKD@?$HN?$DL?6?7?$AA@ 004046b4     EventDecode.obj
 0002:000006bc       ??_C@_0M@OCHPLDPI@Copyright?$DN?$HL?$AA@ 004046bc     EventDecode.obj
 0002:000006c8       ??_C@_0M@JBONGNPL@TrackName?$DN?$HL?$AA@ 004046c8     EventDecode.obj
 0002:000006d4       ??_C@_0BB@NLALEGFI@InstrumentName?$DN?$HL?$AA@ 004046d4     EventDecode.obj
 0002:000006e8       ??_C@_07IGDMFFCJ@Lyric?$DN?$HL?$AA@ 004046e8     EventDecode.obj
 0002:000006f0       ??_C@_03PKFEHGHB@?$HN?$DL?5?$AA@ 004046f0     EventDecode.obj
 0002:000006f4       ??_C@_08EDDCNHGL@Marker?$DN?$HL?$AA@ 004046f4     EventDecode.obj
 0002:00000700       ??_C@_0L@PIECACIL@CuePoint?$DN?$HL?$AA@ 00404700     EventDecode.obj
 0002:0000070c       ??_C@_0BE@OIKJGGGH@ChannelPrefix?$CI?$CFd?$CJ?$DL?5?$AA@ 0040470c     EventDecode.obj
 0002:00000720       ??_C@_0CC@NDMLPPKE@?$JG?$LD?$IM?x?$IC?H?$ID?$GA?$ID?$ID?$ID?$JD?$IDl?$ID?$IL?$IDv?$ID?$IK?$IDt?$IDB?$IDb?$IDN?$IDX?$IBB@ 00404720     EventDecode.obj
 0002:00000744       ??_C@_0L@JNGEEEGH@Port?$CI?$CFd?$CJ?$DL?5?$AA@ 00404744     EventDecode.obj
 0002:00000750       ??_C@_0BE@BHOGMMME@?$JG?$LD?$IM?x?$IC?H?$ID?$HM?$IB?$FL?$IDg?$JE?T?$IN?$IG?$IBB?6?$AA@ 00404750     EventDecode.obj
 0002:00000764       ??_C@_0BG@IPGDEJLK@?$JG?$LD?$IM?x?$IC?HEnd?5of?5Track?$IBB?6?$AA@ 00404764     EventDecode.obj
 0002:0000077c       ??_C@_0M@OAKEGAAP@Tempo?$CI?$CFd?$CJ?$DL?5?$AA@ 0040477c     EventDecode.obj
 0002:00000788       ??_C@_09KECFABOH@?$JG?$LD?$IM?x?$IC?H?$IBB?6?$AA@ 00404788     EventDecode.obj
 0002:00000794       ??_C@_0BH@KIOHLKPJ@DirectSMF?$CI$FF?0$54?0$05?0?$AA@ 00404794     EventDecode.obj
 0002:000007ac       ??_C@_0BJ@NMPACFMO@?$JG?$LD?$IM?x?$IC?HSMPTE?$IDI?$IDt?$IDZ?$IDb?$IDg?$IBB?6?$AA@ 004047ac     EventDecode.obj
 0002:000007c8       ??_C@_0BI@EJKIMLIC@TimeSignature?$CI?$CFd?0?$CFd?$CJ?$DL?6?7?$AA@ 004047c8     EventDecode.obj
 0002:000007e0       ??_C@_0O@HHDEJKGP@?$JG?$LD?$IM?x?$IC?H?$JE?$IP?$IOq?$IBB?6?$AA@ 004047e0     EventDecode.obj
 0002:000007f0       ??_C@_0BH@MMHPMNLM@DirectSMF?$CI$FF?0$59?0$02?0?$AA@ 004047f0     EventDecode.obj
 0002:00000808       ??_C@_04OHDAEKI@?$CJ?$DL?6?7?$AA@ 00404808     EventDecode.obj
 0002:00000810       ??_C@_0O@EGPKJJJ@?$JG?$LD?$IM?x?$IC?H?$JC?$LC?$IN?$IG?$IBB?6?$AA@ 00404810     EventDecode.obj
 0002:00000820       ??_C@_0BL@JIKMEMPP@DirectSMF?$CI$FF?0$7F?0$00?$CJ?$DL?5?1?$CK?$AA@ 00404820     EventDecode.obj
 0002:0000083c       ??_C@_03LHKBEKMG@?$CK?1?5?$AA@ 0040483c     EventDecode.obj
 0002:00000840       ??_C@_0BC@LFDHCDEJ@?$JG?$LD?$IM?x?$IC?HMeta?5Event?6?$AA@ 00404840     EventDecode.obj
 0002:00000854       ??_C@_02LMMGGCAJ@?3?5?$AA@ 00404854     OutputMML.obj
 0002:00000858       ??_C@_0BE@KAEBEAOL@?$IDf?$IB?$FL?$ID?$FO?$IC?$KK?$JFs?$JA?$LD?$IC?E?$IC?$LH?$IBB?6?$AA@ 00404858     OutputMML.obj
 0002:0000086c       ??_C@_03LNAPELNN@$?$CFX?$AA@ 0040486c     OutputMML.obj
 0002:00000870       ??_C@_01IHBHIGKO@?0?$AA@   00404870     OutputMML.obj
 0002:00000874       ??_C@_02NMOLBIHC@?6?7?$AA@ 00404874     OutputMML.obj
 0002:00000878       ??_C@_03GLNMNKPP@?7?$HM?5?$AA@ 00404878     OutputMML.obj
 0002:0000087c       ??_C@_02DPKJAMEF@?$CFd?$AA@ 0040487c     OutputMML.obj
 0002:00000880       ??_C@_01JKBOJNNK@?$FO?$AA@ 00404880     OutputMML.obj
 0002:00000884       ??_C@_03KPPIPFAL@v?$CFd?$AA@ 00404884     OutputMML.obj
 0002:00000888       ??_C@_02FODMEDOG@?$DM?$DM?$AA@ 00404888     OutputMML.obj
 0002:0000088c       ??_C@_01MNNFJEPP@?$DM?$AA@ 0040488c     OutputMML.obj
 0002:00000890       ??_C@_01PPODPGHN@?$DO?$AA@ 00404890     OutputMML.obj
 0002:00000894       ??_C@_02GPIOPFAK@?$DO?$DO?$AA@ 00404894     OutputMML.obj
 0002:00000898       ??_C@_03ICOJONBO@o?$CFd?$AA@ 00404898     OutputMML.obj
 0002:0000089c       ??_C@_01KDCPPGHE@r?$AA@    0040489c     OutputMML.obj
 0002:000008a0       ??_C@_0BA@EOGGDBEG@?6Time?$CI1?31?30?$CJ?$DL?6?7?$AA@ 004048a0     OutputMML.obj
 0002:000008b0       ??_C@_06JJIKIDAH@TR?$CI?$CFd?$CJ?$AA@ 004048b0     OutputMML.obj
 0002:000008b8       ??_C@_0BE@KNEACALO@?7CH?$CI?$CFd?$CJ?$DL?7q100?5h?91?6?7?$AA@ 004048b8     OutputMML.obj
 0002:000008cc       ??_C@_0BJ@OJODEHJ@?$IDI?$IDv?$IDV?$ID?$IH?$ID?$JD?$IC?$KK?$JFs?$JA?$LD?$IC?E?$IC?$LH?$IBB?$IBF?$AA@ 004048cc     smf2mml.obj
 0002:000008e8       ??_C@_01EEMJAFIK@?6?$AA@   004048e8     smf2mml.obj
 0002:000008ec       ??_C@_02PBOAAKLH@?1B?$AA@  004048ec     smf2mml.obj
 0002:000008f0       ??_C@_04MMPKGNEM@?1C?$CFd?$AA@ 004048f0     smf2mml.obj
 0002:000008f8       ??_C@_02OIPLDLPG@?1C?$AA@  004048f8     smf2mml.obj
 0002:000008fc       ??_C@_0CC@FGIAHBJJ@?1F?5?$IDt?$ID?$EA?$IDC?$ID?$IL?$JG?$LM?$IC?$KK?$IP?$JB?$IC?$KC?$IC?D?$IC?$KA?$IC?h?$IC?$NM?$IC?$LJ?$IC?q?$IB@ 004048fc     smf2mml.obj
 0002:00000920       ??_C@_0CI@OAKBACOI@?1F?5MML?$IDt?$ID?$EA?$IDC?$ID?$IL?$IC?$KK2?$IJ?q?$II?H?$IP?c?$IOw?$JC?h?$IC?$LD?$IC?j?$IC@ 00404920     smf2mml.obj
 0002:00000948       ??_C@_02JFIMMPLD@?1F?$AA@  00404948     smf2mml.obj
 0002:0000094b       ??_C@_00CNPNBAHC@?$AA@     0040494b     smf2mml.obj
 0002:0000094c       ??_C@_0CF@BJLEFHIL@SMF?$IDt?$ID?$EA?$IDC?$ID?$IL?$IC?$KK2?$IJ?q?$II?H?$IP?c?$IOw?$JC?h?$IC?$LD?$IC?j?$IC?$NM?$IC?$LF@ 0040494c     smf2mml.obj
 0002:00000974       ??_C@_06NNOJKKP@SMF?5?$DN?5?$AA@ 00404974     smf2mml.obj
 0002:0000097c       ??_C@_06HAIPGFJN@MML?5?$DN?5?$AA@ 0040497c     smf2mml.obj
 0002:00000984       ??_C@_02JDPG@rb?$AA@       00404984     smf2mml.obj
 0002:00000988       ??_C@_01NOFIACDB@w?$AA@    00404988     smf2mml.obj
 0002:0000098c       ??_C@_0BM@KMCAMEDC@MTrk?$ID?$GA?$ID?$ID?$ID?$JD?$IDN?$IC?$KK?$IC?$KA?$IC?h?$IC?$NM?$IC?$LJ?$IC?q?$IBB?6?$AA@ 0040498c     uncompile.obj
 0002:000009a8       ??_C@_0BM@KEEKJGIG@MThd?$ID?$GA?$ID?$ID?$ID?$JD?$IDN?$IC?$KK?$IC?$KA?$IC?h?$IC?$NM?$IC?$LJ?$IC?q?$IBB?6?$AA@ 004049a8     uncompile.obj
 0002:000009c4       ??_C@_0CC@PFNCBBBO@Format?52?$IC?I?$IC?M?$JB?N?$IJ?$JO?$IC?$LF?$IC?D?$IC?$KI?$IC?h?$IC?$NM?$IC?$LJ?$IC?q?$IBB@ 004049c4     uncompile.obj
 0002:000009e8       ??_C@_0BK@HPJKPPAB@?$JG?$KC?$JCm?$IC?L?$IDt?$IDH?$IB?$FL?$ID?$HN?$IDb?$IDg?$IC?E?$IC?$LH?$IBB?6?$AA@ 004049e8     uncompile.obj
 0002:00000a04       ??_C@_0BF@LCNEAMAI@?$IDg?$ID?$IJ?$IDb?$IDN?$JA?$JE?$IC?$KK0?$IC?E?$IC?$LH?$IBB?6?$AA@ 00404a04     uncompile.obj
 0002:00000a1c       ??_C@_0CM@LPEEANCL@Format?50?$IC?H?$IC?L?$IC?I?$IBA?$JF?$KB?$JA?$JE?$IC?L?$IDg?$ID?$IJ?$IDb?$IDN?$IC?$KK@ 00404a1c     uncompile.obj
 0002:00000a48       ??_C@_0BH@PMNOJLNE@timebase?$IC?$KK0tick?$IC?E?$IC?$LH?$IBB?6?$AA@ 00404a48     uncompile.obj
 0002:00000a60       ??_C@_0CK@CDNBAHBP@?$JFb?$IOw?$JC?h?$IC?L?$IO?$JO?$IK?T?$JCP?$II?J?$IC?I?$IC?M?$JB?N?$IJ?$JO?$IC?$LF?$IC?D?$IC?$KI?$IC?h@ 00404a60     uncompile.obj
 0002:00000a8c       ??_C@_0CK@KPGOMGCP@?1?1?9?9?9?9?9?9?9?9?9?9?9?9?9?9?9?9?9?9?9?9?9?9?9?9?9?9?9?9?9?9@ 00404a8c     uncompile.obj
 0002:00000ab8       ??_C@_0N@FECELKCH@?1?1?7?7SMF2MML?6?$AA@ 00404ab8     uncompile.obj
 0002:00000ac8       ??_C@_0BF@PMKNHKKM@?1?1MThd?5Infomation?5?3?6?$AA@ 00404ac8     uncompile.obj
 0002:00000ae0       ??_C@_0P@DHEOPLJO@?1?1?7Size?5?$DN?5?$CFd?5?6?$AA@ 00404ae0     uncompile.obj
 0002:00000af0       ??_C@_0BB@CJJMEDBC@?1?1?7Format?5?$DN?5?$CFd?5?6?$AA@ 00404af0     uncompile.obj
 0002:00000b04       ??_C@_0BA@MENNMMGI@?1?1?7Track?5?$DN?5?$CFd?5?6?$AA@ 00404b04     uncompile.obj
 0002:00000b14       ??_C@_03OPBEHGNM@?1?1?6?$AA@ 00404b14     uncompile.obj
 0002:00000b18       ??_C@_0BN@NLEPICJB@System?4ControllerShift?5?$DN?50?$DL?6?$AA@ 00404b18     uncompile.obj
 0002:00000b38       ??_C@_0BH@FINPANPH@System?4TimeBase?5?$DN?5?$CFd?$DL?6?$AA@ 00404b38     uncompile.obj
 0002:00000b50       ??_C@_0CK@NNIKFAPI@Pointer?3?$CFd?5?1?5Length?3?$CFd?5?1?5Key?3?$CFd?5@ 00404b50     uncompile.obj
 0002:00000b7c       ??_C@_02PHMGELLB@?6?6?$AA@ 00404b7c     uncompile.obj
 0002:00000b80       ??_C@_07GEBCPHKK@TR?$CI?$CFd?$CJ?6?$AA@ 00404b80     uncompile.obj
 0002:00000b88       ___rtc_iaa                 00404b88     MSVCRT:_initsect_.obj
 0002:00000b8c       ___rtc_izz                 00404b8c     MSVCRT:_initsect_.obj
 0002:00000b90       ___rtc_taa                 00404b90     MSVCRT:_initsect_.obj
 0002:00000b94       ___rtc_tzz                 00404b94     MSVCRT:_initsect_.obj
 0002:00000bf4       __IMPORT_DESCRIPTOR_MSVCR90 00404bf4     MSVCRT:MSVCR90.dll
 0002:00000c08       __IMPORT_DESCRIPTOR_KERNEL32 00404c08     kernel32:KERNEL32.dll
 0002:00000c1c       __NULL_IMPORT_DESCRIPTOR   00404c1c     MSVCRT:MSVCR90.dll
 0003:00000000       ___security_cookie         00406000     MSVCRT:gs_cookie.obj
 0003:00000004       ___security_cookie_complement 00406004     MSVCRT:gs_cookie.obj
 0003:00000008       ___native_dllmain_reason   00406008     MSVCRT:natstart.obj
 0003:0000000c       ___native_vcclrit_reason   0040600c     MSVCRT:natstart.obj
 0003:00000010       ___globallocalestatus      00406010     MSVCRT:xthdloc.obj
 0003:00000014       ___defaultmatherr          00406014     MSVCRT:merr.obj
 0003:00000364       __forceCRTManifestRTM      00406364     MSVCRT:crtmanifestrtm.obj
 0003:00000368       __dowildcard               00406368     MSVCRT:wildcard.obj
 0003:0000036c       __newmode                  0040636c     MSVCRT:_newmode.obj
 0003:00000370       __commode                  00406370     MSVCRT:xncommod.obj
 0003:00000374       __fmode                    00406374     MSVCRT:xtxtmode.obj
 0003:00000378       ___@@_PchSym_@00@UwlxfnvmghLzmwLhvggrmthUzRdzgzmzyvUnbLwlxfnvmghUerhfzoLhgfwrlLCAAIUkilqvxghUkilqvxgBUhnuCnnoUhnuCnnoUivovzhvUhgwzucOlyq@ 00406378     stdafx.obj
 0003:0000037c       __adjust_fdiv              0040637c     <common>
 0003:00000380       ___native_startup_state    00406380     <common>
 0003:00000384       ___native_startup_lock     00406384     <common>
 0003:00000388       ___onexitend               00406388     <common>
 0003:0000038c       ___onexitbegin             0040638c     <common>
 0003:00000390       ___dyn_tls_init_callback   00406390     <common>

 entry point at        0001:000021f4

 Static symbols

 0001:00001f52       _pre_cpp_init              00402f52 f   MSVCRT:crtexe.obj
 0001:00001f9d       ___tmainCRTStartup         00402f9d f   MSVCRT:crtexe.obj
 0001:00002113       _pre_c_init                00403113 f   MSVCRT:crtexe.obj
